// Jest Snapshot v1, https://goo.gl/fbAQLP

exports[`Pruebas en <App /> debe de mostrar <App /> correctamente  1`] = `
<Fragment>
  <h1>
    Hola, soy Goku
    !!!
  </h1>
  <p>
    soy un subtitulo
  </p>
</Fragment>
`;
