// Jest Snapshot v1, https://goo.gl/fbAQLP

exports[`Pruebas en <GifGridItem.js /> debe de mostrar el componente correctamente 1`] = `
<div
  className="card animate__animated animate__flip"
>
  <img />
  <p />
</div>
`;
